// Jest Snapshot v1, https://goo.gl/fbAQLP

exports[`Chatbox.jsx Render Chatbox.jsx 1`] = `ShallowWrapper {}`;
