// Jest Snapshot v1, https://goo.gl/fbAQLP

exports[`MessageBottom.jsx renders properly 1`] = `ShallowWrapper {}`;
