// Jest Snapshot v1, https://goo.gl/fbAQLP

exports[`Message.jsx renders properly 1`] = `ReactWrapper {}`;
