// Jest Snapshot v1, https://goo.gl/fbAQLP

exports[`MessageHeader.jsx renders properly 1`] = `ShallowWrapper {}`;
