// Jest Snapshot v1, https://goo.gl/fbAQLP

exports[`MessageBody.jsx renders properly 1`] = `ShallowWrapper {}`;
