// Jest Snapshot v1, https://goo.gl/fbAQLP

exports[`Sidebar.jsx renders properly 1`] = `ShallowWrapper {}`;
